2026-09-07T14:20:01.241832+00:00 start slot 445075051 at 1788787181 (previous produced slot 445075050 at 1788787180)
2026-09-07T14:20:03.268454+00:00 window 2026-09-07T13:19:41+00:00 .. 2026-09-07T14:19:41+00:00: 11353 produced slots of 11361, 8 skipped; collecting 11353 blocks
2026-09-07T14:20:03.332137+00:00 0 of 11353 blocks already on disk; fetching 11353 with 8 workers
2026-09-07T14:21:05.097610+00:00 fetched 100/11353 (1.62 blocks/s, 9.3 MB/s, 2 transport errors), eta 116 min
2026-09-07T14:22:06.494230+00:00 fetched 200/11353 (1.62 blocks/s, 9.8 MB/s, 5 transport errors), eta 114 min
2026-09-07T14:22:58.464005+00:00 fetched 300/11353 (1.71 blocks/s, 9.2 MB/s, 13 transport errors), eta 108 min
2026-09-07T14:23:54.888986+00:00 fetched 400/11353 (1.73 blocks/s, 9.3 MB/s, 18 transport errors), eta 106 min
2026-09-07T14:25:09.086428+00:00 fetched 500/11353 (1.64 blocks/s, 9.0 MB/s, 31 transport errors), eta 111 min
2026-09-07T14:26:16.529302+00:00 fetched 600/11353 (1.61 blocks/s, 9.2 MB/s, 40 transport errors), eta 111 min
2026-09-07T14:27:49.779503+00:00 fetched 700/11353 (1.50 blocks/s, 9.3 MB/s, 59 transport errors), eta 118 min
2026-09-07T14:28:09.259027+00:00 fetched 800/11353 (1.65 blocks/s, 9.3 MB/s, 63 transport errors), eta 107 min
2026-09-07T14:29:01.861433+00:00 fetched 900/11353 (1.67 blocks/s, 9.4 MB/s, 73 transport errors), eta 104 min
2026-09-07T14:29:39.506688+00:00 fetched 1000/11353 (1.74 blocks/s, 9.6 MB/s, 76 transport errors), eta 99 min
2026-09-07T14:30:38.749773+00:00 fetched 1100/11353 (1.73 blocks/s, 9.8 MB/s, 81 transport errors), eta 99 min
2026-09-07T14:30:51.742035+00:00 fetched 1200/11353 (1.85 blocks/s, 9.9 MB/s, 81 transport errors), eta 91 min
2026-09-07T14:31:32.515059+00:00 fetched 1300/11353 (1.89 blocks/s, 10.0 MB/s, 83 transport errors), eta 89 min
2026-09-07T14:32:08.110627+00:00 fetched 1400/11353 (1.93 blocks/s, 10.1 MB/s, 85 transport errors), eta 86 min
2026-09-07T14:33:20.792105+00:00 fetched 1500/11353 (1.88 blocks/s, 10.2 MB/s, 94 transport errors), eta 87 min
2026-09-07T14:33:49.104955+00:00 fetched 1600/11353 (1.94 blocks/s, 10.2 MB/s, 96 transport errors), eta 84 min
2026-09-07T14:35:05.772987+00:00 fetched 1700/11353 (1.88 blocks/s, 10.2 MB/s, 101 transport errors), eta 85 min
2026-09-07T14:35:05.773426+00:00 fetched 1800/11353 (1.99 blocks/s, 10.2 MB/s, 101 transport errors), eta 80 min
2026-09-07T14:35:39.116735+00:00 fetched 1900/11353 (2.03 blocks/s, 10.3 MB/s, 101 transport errors), eta 78 min
2026-09-07T14:36:12.989040+00:00 fetched 2000/11353 (2.06 blocks/s, 10.3 MB/s, 101 transport errors), eta 76 min
2026-09-07T14:37:09.095453+00:00 fetched 2100/11353 (2.05 blocks/s, 10.3 MB/s, 106 transport errors), eta 75 min
2026-09-07T14:37:45.421366+00:00 fetched 2200/11353 (2.07 blocks/s, 10.3 MB/s, 108 transport errors), eta 74 min
2026-09-07T14:38:23.354757+00:00 fetched 2300/11353 (2.09 blocks/s, 10.3 MB/s, 109 transport errors), eta 72 min
2026-09-07T14:38:59.238026+00:00 fetched 2400/11353 (2.11 blocks/s, 10.3 MB/s, 111 transport errors), eta 71 min
2026-09-07T14:39:34.908393+00:00 fetched 2500/11353 (2.13 blocks/s, 10.4 MB/s, 111 transport errors), eta 69 min
2026-09-07T14:40:14.073145+00:00 fetched 2600/11353 (2.15 blocks/s, 10.4 MB/s, 111 transport errors), eta 68 min
2026-09-07T14:40:53.771742+00:00 fetched 2700/11353 (2.16 blocks/s, 10.3 MB/s, 111 transport errors), eta 67 min
2026-09-07T14:41:39.750581+00:00 fetched 2800/11353 (2.16 blocks/s, 10.3 MB/s, 113 transport errors), eta 66 min
2026-09-07T14:42:47.007305+00:00 fetched 2900/11353 (2.13 blocks/s, 10.2 MB/s, 122 transport errors), eta 66 min
2026-09-07T14:44:04.616064+00:00 fetched 3000/11353 (2.08 blocks/s, 10.0 MB/s, 138 transport errors), eta 67 min
2026-09-07T14:45:57.648544+00:00 fetched 3100/11353 (1.99 blocks/s, 9.8 MB/s, 152 transport errors), eta 69 min
2026-09-07T14:47:01.126276+00:00 fetched 3200/11353 (1.98 blocks/s, 9.7 MB/s, 168 transport errors), eta 69 min
2026-09-07T14:48:08.240191+00:00 fetched 3300/11353 (1.96 blocks/s, 9.6 MB/s, 176 transport errors), eta 69 min
2026-09-07T14:48:59.048715+00:00 fetched 3400/11353 (1.96 blocks/s, 9.6 MB/s, 181 transport errors), eta 68 min
2026-09-07T14:50:18.686119+00:00 slot 445078501: failed getBlock failed after 6 attempts: IncompleteRead
2026-09-07T14:50:18.686376+00:00 fetched 3500/11353 (1.93 blocks/s, 9.5 MB/s, 193 transport errors), eta 68 min
2026-09-07T14:50:45.354106+00:00 fetched 3600/11353 (1.95 blocks/s, 9.5 MB/s, 194 transport errors), eta 66 min
2026-09-07T14:52:16.409513+00:00 fetched 3700/11353 (1.91 blocks/s, 9.4 MB/s, 199 transport errors), eta 67 min
2026-09-07T14:52:54.703998+00:00 fetched 3800/11353 (1.93 blocks/s, 9.3 MB/s, 202 transport errors), eta 65 min
2026-09-07T14:53:59.843857+00:00 fetched 3900/11353 (1.92 blocks/s, 9.3 MB/s, 208 transport errors), eta 65 min
2026-09-07T14:55:09.593678+00:00 fetched 4000/11353 (1.90 blocks/s, 9.2 MB/s, 212 transport errors), eta 65 min
2026-09-07T14:56:09.006886+00:00 fetched 4100/11353 (1.89 blocks/s, 9.2 MB/s, 217 transport errors), eta 64 min
2026-09-07T14:56:45.702698+00:00 fetched 4200/11353 (1.91 blocks/s, 9.2 MB/s, 220 transport errors), eta 63 min
2026-09-07T14:57:35.138934+00:00 fetched 4300/11353 (1.91 blocks/s, 9.2 MB/s, 221 transport errors), eta 62 min
2026-09-07T14:58:45.109105+00:00 fetched 4400/11353 (1.90 blocks/s, 9.1 MB/s, 226 transport errors), eta 61 min
2026-09-07T14:59:01.973315+00:00 fetched 4500/11353 (1.92 blocks/s, 9.1 MB/s, 227 transport errors), eta 59 min
2026-09-07T15:00:24.326530+00:00 fetched 4600/11353 (1.90 blocks/s, 9.1 MB/s, 231 transport errors), eta 59 min
2026-09-07T15:00:51.003146+00:00 fetched 4700/11353 (1.92 blocks/s, 9.1 MB/s, 232 transport errors), eta 58 min
2026-09-07T15:01:47.334201+00:00 fetched 4800/11353 (1.92 blocks/s, 9.1 MB/s, 233 transport errors), eta 57 min
2026-09-07T15:02:47.480477+00:00 fetched 4900/11353 (1.91 blocks/s, 9.0 MB/s, 239 transport errors), eta 56 min
2026-09-07T15:03:51.982381+00:00 fetched 5000/11353 (1.90 blocks/s, 9.0 MB/s, 243 transport errors), eta 56 min
2026-09-07T15:05:42.537783+00:00 fetched 5100/11353 (1.86 blocks/s, 8.9 MB/s, 269 transport errors), eta 56 min
2026-09-07T15:06:53.098720+00:00 fetched 5200/11353 (1.85 blocks/s, 8.9 MB/s, 275 transport errors), eta 55 min
2026-09-07T15:07:47.212318+00:00 fetched 5300/11353 (1.85 blocks/s, 8.9 MB/s, 281 transport errors), eta 55 min
2026-09-07T15:09:39.327812+00:00 fetched 5400/11353 (1.81 blocks/s, 8.8 MB/s, 294 transport errors), eta 55 min
2026-09-07T15:10:17.299312+00:00 fetched 5500/11353 (1.82 blocks/s, 8.7 MB/s, 297 transport errors), eta 53 min
2026-09-07T15:11:09.779478+00:00 fetched 5600/11353 (1.83 blocks/s, 8.7 MB/s, 298 transport errors), eta 53 min
2026-09-07T15:12:23.571480+00:00 fetched 5700/11353 (1.82 blocks/s, 8.7 MB/s, 312 transport errors), eta 52 min
2026-09-07T15:13:45.739602+00:00 fetched 5800/11353 (1.80 blocks/s, 8.6 MB/s, 321 transport errors), eta 51 min
2026-09-07T15:15:34.292609+00:00 fetched 5900/11353 (1.77 blocks/s, 8.5 MB/s, 334 transport errors), eta 51 min
2026-09-07T15:17:12.032331+00:00 fetched 6000/11353 (1.75 blocks/s, 8.4 MB/s, 351 transport errors), eta 51 min
2026-09-07T15:19:13.277834+00:00 fetched 6100/11353 (1.72 blocks/s, 8.3 MB/s, 371 transport errors), eta 51 min
2026-09-07T15:21:29.469866+00:00 fetched 6200/11353 (1.68 blocks/s, 8.2 MB/s, 386 transport errors), eta 51 min
2026-09-07T15:22:18.689134+00:00 fetched 6300/11353 (1.69 blocks/s, 8.2 MB/s, 392 transport errors), eta 50 min
2026-09-07T15:22:59.293743+00:00 fetched 6400/11353 (1.69 blocks/s, 8.2 MB/s, 398 transport errors), eta 49 min
2026-09-07T15:23:47.715769+00:00 fetched 6500/11353 (1.70 blocks/s, 8.2 MB/s, 401 transport errors), eta 48 min
2026-09-07T15:24:22.173455+00:00 fetched 6600/11353 (1.71 blocks/s, 8.3 MB/s, 402 transport errors), eta 46 min
2026-09-07T15:25:49.163941+00:00 fetched 6700/11353 (1.70 blocks/s, 8.3 MB/s, 414 transport errors), eta 46 min
2026-09-07T15:27:15.446483+00:00 fetched 6800/11353 (1.69 blocks/s, 8.2 MB/s, 435 transport errors), eta 45 min
2026-09-07T15:28:47.777015+00:00 fetched 6900/11353 (1.67 blocks/s, 8.2 MB/s, 450 transport errors), eta 44 min
2026-09-07T15:30:03.997652+00:00 fetched 7000/11353 (1.67 blocks/s, 8.2 MB/s, 457 transport errors), eta 44 min
2026-09-07T15:32:03.707040+00:00 fetched 7100/11353 (1.64 blocks/s, 8.1 MB/s, 478 transport errors), eta 43 min
2026-09-07T15:34:02.840710+00:00 fetched 7200/11353 (1.62 blocks/s, 8.0 MB/s, 495 transport errors), eta 43 min
2026-09-07T15:35:06.908293+00:00 fetched 7300/11353 (1.62 blocks/s, 8.0 MB/s, 506 transport errors), eta 42 min
2026-09-07T15:36:24.628408+00:00 slot 445082364: failed getBlock failed after 6 attempts: IncompleteRead
2026-09-07T15:36:24.628856+00:00 fetched 7400/11353 (1.62 blocks/s, 8.0 MB/s, 514 transport errors), eta 41 min
2026-09-07T15:37:16.357886+00:00 fetched 7500/11353 (1.62 blocks/s, 8.0 MB/s, 523 transport errors), eta 40 min
2026-09-07T15:39:53.278372+00:00 fetched 7600/11353 (1.59 blocks/s, 7.9 MB/s, 552 transport errors), eta 39 min
2026-09-07T15:42:05.561093+00:00 fetched 7700/11353 (1.56 blocks/s, 7.8 MB/s, 587 transport errors), eta 39 min
2026-09-07T15:43:10.267988+00:00 fetched 7800/11353 (1.56 blocks/s, 7.8 MB/s, 601 transport errors), eta 38 min
2026-09-07T15:44:53.731710+00:00 fetched 7900/11353 (1.55 blocks/s, 7.8 MB/s, 624 transport errors), eta 37 min
2026-09-07T15:46:53.738145+00:00 fetched 8000/11353 (1.54 blocks/s, 7.8 MB/s, 652 transport errors), eta 36 min
2026-09-07T15:47:38.949692+00:00 fetched 8100/11353 (1.54 blocks/s, 7.8 MB/s, 662 transport errors), eta 35 min
2026-09-07T15:48:27.170735+00:00 fetched 8200/11353 (1.55 blocks/s, 7.8 MB/s, 668 transport errors), eta 34 min
2026-09-07T15:49:16.276841+00:00 fetched 8300/11353 (1.55 blocks/s, 7.8 MB/s, 672 transport errors), eta 33 min
2026-09-07T15:49:56.351811+00:00 fetched 8400/11353 (1.56 blocks/s, 7.8 MB/s, 674 transport errors), eta 32 min
2026-09-07T15:50:57.569058+00:00 fetched 8500/11353 (1.56 blocks/s, 7.9 MB/s, 684 transport errors), eta 31 min
2026-09-07T15:51:59.832407+00:00 fetched 8600/11353 (1.56 blocks/s, 7.9 MB/s, 697 transport errors), eta 29 min
2026-09-07T15:53:41.043862+00:00 fetched 8700/11353 (1.55 blocks/s, 7.9 MB/s, 737 transport errors), eta 29 min
2026-09-07T15:55:12.337291+00:00 fetched 8800/11353 (1.54 blocks/s, 7.9 MB/s, 755 transport errors), eta 28 min
2026-09-07T15:56:01.533530+00:00 fetched 8900/11353 (1.55 blocks/s, 7.9 MB/s, 767 transport errors), eta 26 min
2026-09-07T15:57:15.176290+00:00 fetched 9000/11353 (1.54 blocks/s, 7.9 MB/s, 775 transport errors), eta 25 min
2026-09-07T15:59:06.614982+00:00 fetched 9100/11353 (1.53 blocks/s, 7.9 MB/s, 801 transport errors), eta 25 min
2026-09-07T16:00:18.653320+00:00 fetched 9200/11353 (1.53 blocks/s, 8.0 MB/s, 811 transport errors), eta 23 min
2026-09-07T16:01:45.723527+00:00 fetched 9300/11353 (1.52 blocks/s, 8.0 MB/s, 836 transport errors), eta 22 min
2026-09-07T16:02:40.026869+00:00 fetched 9400/11353 (1.53 blocks/s, 8.0 MB/s, 845 transport errors), eta 21 min
2026-09-07T16:03:40.735068+00:00 fetched 9500/11353 (1.53 blocks/s, 8.0 MB/s, 864 transport errors), eta 20 min
2026-09-07T16:04:56.006282+00:00 fetched 9600/11353 (1.53 blocks/s, 8.0 MB/s, 890 transport errors), eta 19 min
2026-09-07T16:06:12.878446+00:00 fetched 9700/11353 (1.52 blocks/s, 8.0 MB/s, 910 transport errors), eta 18 min
2026-09-07T16:07:22.714137+00:00 fetched 9800/11353 (1.52 blocks/s, 8.0 MB/s, 925 transport errors), eta 17 min
2026-09-07T16:08:33.620041+00:00 fetched 9900/11353 (1.52 blocks/s, 8.1 MB/s, 939 transport errors), eta 16 min
2026-09-07T16:09:27.226727+00:00 fetched 10000/11353 (1.52 blocks/s, 8.1 MB/s, 948 transport errors), eta 15 min
2026-09-07T16:10:34.339867+00:00 fetched 10100/11353 (1.52 blocks/s, 8.1 MB/s, 960 transport errors), eta 14 min
2026-09-07T16:11:27.322521+00:00 fetched 10200/11353 (1.53 blocks/s, 8.1 MB/s, 972 transport errors), eta 13 min
2026-09-07T16:11:58.067621+00:00 fetched 10300/11353 (1.53 blocks/s, 8.1 MB/s, 978 transport errors), eta 11 min
2026-09-07T16:12:43.807387+00:00 fetched 10400/11353 (1.54 blocks/s, 8.2 MB/s, 984 transport errors), eta 10 min
2026-09-07T16:13:33.466122+00:00 fetched 10500/11353 (1.54 blocks/s, 8.2 MB/s, 992 transport errors), eta 9 min
2026-09-07T16:14:17.147659+00:00 fetched 10600/11353 (1.55 blocks/s, 8.2 MB/s, 996 transport errors), eta 8 min
2026-09-07T16:15:25.152606+00:00 slot 445085676: failed getBlock failed after 6 attempts: IncompleteRead
2026-09-07T16:15:25.153233+00:00 fetched 10700/11353 (1.55 blocks/s, 8.2 MB/s, 1006 transport errors), eta 7 min
2026-09-07T16:15:57.404660+00:00 fetched 10800/11353 (1.55 blocks/s, 8.2 MB/s, 1010 transport errors), eta 6 min
2026-09-07T16:16:44.963405+00:00 fetched 10900/11353 (1.56 blocks/s, 8.2 MB/s, 1019 transport errors), eta 5 min
2026-09-07T16:18:13.271404+00:00 fetched 11000/11353 (1.55 blocks/s, 8.3 MB/s, 1034 transport errors), eta 4 min
2026-09-07T16:19:30.740312+00:00 fetched 11100/11353 (1.55 blocks/s, 8.3 MB/s, 1057 transport errors), eta 3 min
2026-09-07T16:20:00.996293+00:00 fetched 11200/11353 (1.56 blocks/s, 8.3 MB/s, 1061 transport errors), eta 2 min
2026-09-07T16:21:08.937137+00:00 fetched 11300/11353 (1.56 blocks/s, 8.3 MB/s, 1076 transport errors), eta 1 min
2026-09-07T16:21:43.739064+00:00 fetched 11353/11353 (1.56 blocks/s, 8.3 MB/s, 1085 transport errors), eta 0 min
2026-09-07T16:21:43.799322+00:00 done: 11350/11353 blocks on disk, 3 failed this run
